// Jest Snapshot v1, https://goo.gl/fbAQLP

exports[`mounted Calculator should render correctly 1`] = `
<Calculator>
  <div
    className="calculator-container"
  >
    <Display
      displayValue="0"
    >
      <div
        className="display-container"
      >
        <p
          className="display-value"
        >
          0
        </p>
      </div>
    </Display>
    <KeyPad
      callOperator={[Function]}
      numbers={
        Array [
          "0",
          "1",
          "2",
          "3",
          "4",
          "5",
          "6",
          "7",
          "8",
          "9",
          ".",
          "CE",
        ]
      }
      operators={
        Array [
          "+",
          "-",
          "*",
          "/",
        ]
      }
      setOperator={[Function]}
      updateDisplay={[Function]}
    >
      <div
        className="keypad-container"
      >
        <div
          className="numbers-container"
        >
          <Key
            key="0"
            keyAction={[Function]}
            keyType="number-key"
            keyValue="0"
          >
            <div
              className="key-container number-key"
              onClick={[Function]}
            >
              <p
                className="key-value"
              >
                0
              </p>
            </div>
          </Key>
          <Key
            key="1"
            keyAction={[Function]}
            keyType="number-key"
            keyValue="1"
          >
            <div
              className="key-container number-key"
              onClick={[Function]}
            >
              <p
                className="key-value"
              >
                1
              </p>
            </div>
          </Key>
          <Key
            key="2"
            keyAction={[Function]}
            keyType="number-key"
            keyValue="2"
          >
            <div
              className="key-container number-key"
              onClick={[Function]}
            >
              <p
                className="key-value"
              >
                2
              </p>
            </div>
          </Key>
          <Key
            key="3"
            keyAction={[Function]}
            keyType="number-key"
            keyValue="3"
          >
            <div
              className="key-container number-key"
              onClick={[Function]}
            >
              <p
                className="key-value"
              >
                3
              </p>
            </div>
          </Key>
          <Key
            key="4"
            keyAction={[Function]}
            keyType="number-key"
            keyValue="4"
          >
            <div
              className="key-container number-key"
              onClick={[Function]}
            >
              <p
                className="key-value"
              >
                4
              </p>
            </div>
          </Key>
          <Key
            key="5"
            keyAction={[Function]}
            keyType="number-key"
            keyValue="5"
          >
            <div
              className="key-container number-key"
              onClick={[Function]}
            >
              <p
                className="key-value"
              >
                5
              </p>
            </div>
          </Key>
          <Key
            key="6"
            keyAction={[Function]}
            keyType="number-key"
            keyValue="6"
          >
            <div
              className="key-container number-key"
              onClick={[Function]}
            >
              <p
                className="key-value"
              >
                6
              </p>
            </div>
          </Key>
          <Key
            key="7"
            keyAction={[Function]}
            keyType="number-key"
            keyValue="7"
          >
            <div
              className="key-container number-key"
              onClick={[Function]}
            >
              <p
                className="key-value"
              >
                7
              </p>
            </div>
          </Key>
          <Key
            key="8"
            keyAction={[Function]}
            keyType="number-key"
            keyValue="8"
          >
            <div
              className="key-container number-key"
              onClick={[Function]}
            >
              <p
                className="key-value"
              >
                8
              </p>
            </div>
          </Key>
          <Key
            key="9"
            keyAction={[Function]}
            keyType="number-key"
            keyValue="9"
          >
            <div
              className="key-container number-key"
              onClick={[Function]}
            >
              <p
                className="key-value"
              >
                9
              </p>
            </div>
          </Key>
          <Key
            key="."
            keyAction={[Function]}
            keyType="number-key"
            keyValue="."
          >
            <div
              className="key-container number-key"
              onClick={[Function]}
            >
              <p
                className="key-value"
              >
                .
              </p>
            </div>
          </Key>
          <Key
            key="CE"
            keyAction={[Function]}
            keyType="number-key"
            keyValue="CE"
          >
            <div
              className="key-container number-key"
              onClick={[Function]}
            >
              <p
                className="key-value"
              >
                CE
              </p>
            </div>
          </Key>
        </div>
        <div
          className="operators-container"
        >
          <Key
            key="+"
            keyAction={[Function]}
            keyType="operator-key"
            keyValue="+"
          >
            <div
              className="key-container operator-key"
              onClick={[Function]}
            >
              <p
                className="key-value"
              >
                +
              </p>
            </div>
          </Key>
          <Key
            key="-"
            keyAction={[Function]}
            keyType="operator-key"
            keyValue="-"
          >
            <div
              className="key-container operator-key"
              onClick={[Function]}
            >
              <p
                className="key-value"
              >
                -
              </p>
            </div>
          </Key>
          <Key
            key="*"
            keyAction={[Function]}
            keyType="operator-key"
            keyValue="*"
          >
            <div
              className="key-container operator-key"
              onClick={[Function]}
            >
              <p
                className="key-value"
              >
                *
              </p>
            </div>
          </Key>
          <Key
            key="/"
            keyAction={[Function]}
            keyType="operator-key"
            keyValue="/"
          >
            <div
              className="key-container operator-key"
              onClick={[Function]}
            >
              <p
                className="key-value"
              >
                /
              </p>
            </div>
          </Key>
        </div>
        <div
          className="submit-container"
        >
          <Key
            keyAction={[Function]}
            keyType="submit-key"
            keyValue="="
          >
            <div
              className="key-container submit-key"
              onClick={[Function]}
            >
              <p
                className="key-value"
              >
                =
              </p>
            </div>
          </Key>
        </div>
      </div>
    </KeyPad>
  </div>
</Calculator>
`;
